// Jest Snapshot v1, https://goo.gl/fbAQLP

exports[`LoginForm test Login From renders 1`] = `<div />`;
