// Jest Snapshot v1, https://goo.gl/fbAQLP

exports[`MainPage test Main Page renders 1`] = `<div />`;
