// Jest Snapshot v1, https://goo.gl/fbAQLP

exports[`Navbar component displays user email that was sent in token 1`] = `<div />`;
